
> church-digital-platform-frontend@1.0.0 build
> react-scripts build

Creating an optimized production build...
Compiled with warnings.

[eslint] 
src\admin\PostCreate.tsx
  Line 61:6:  React Hook useEffect has a missing dependency: 'formData.content_type'. Either include it or remove the dependency array  react-hooks/exhaustive-deps

src\components\RichTextEditor.tsx
  Line 52:7:  React Hook useMemo has a missing dependency: 'imageHandler'. Either include it or remove the dependency array  react-hooks/exhaustive-deps

src\contexts\ConfirmContext.tsx
  Line 85:6:  React Hook useCallback has a missing dependency: 'state'. Either include it or remove the dependency array  react-hooks/exhaustive-deps
  Line 92:6:  React Hook useCallback has a missing dependency: 'state'. Either include it or remove the dependency array  react-hooks/exhaustive-deps

Search for the keywords to learn more about each warning.
To ignore, add // eslint-disable-next-line to the line before.

File sizes after gzip:

  174.16 kB  build\static\js\main.be814a65.js
  34.53 kB   build\static\css\main.f920ac5c.css

The project was built assuming it is hosted at /.
You can control this with the homepage field in your package.json.

The build folder is ready to be deployed.
You may serve it with a static server:

  serve -s build

Find out more about deployment here:

  https://cra.link/deployment

