[SETTINGS] Loaded .env from: C:\Users\DELL\Desktop\Apps\Church Digital Engagement Platform\backend\.env

================================================================================
[EMAIL CONFIG] EMAIL CONFIGURATION LOADED:
[EMAIL CONFIG]   BACKEND: django.core.mail.backends.smtp.EmailBackend
[EMAIL CONFIG]   HOST: smtp.gmail.com
[EMAIL CONFIG]   PORT: 587
[EMAIL CONFIG]   USER: www.heavresearcher.247@gmail.com
[EMAIL CONFIG]   FROM: Church Digital Platform <www.heavresearcher.247@gmail.com>
[EMAIL CONFIG]   PASSWORD SET: Yes
[EMAIL CONFIG]   TLS: True
================================================================================


================================================================================
EMAIL VERIFICATION ENDPOINT COMPREHENSIVE TEST
================================================================================

python : Traceback (most recent call last):
At line:1 char:1
+ python test_email_verification.py > test_output.txt 2>&1; cat test_ou ...
+ ~~~~~~~~~~~~~~~~~~~~~~~~~~~~~~~~~~~~~~~~~~~~~~~~~~~~~~~~
    + CategoryInfo          : NotSpecified: (Traceback (most recent call last)::String) [], RemoteException
    + FullyQualifiedErrorId : NativeCommandError
 
  File "C:\Users\DELL\Desktop\Apps\Church Digital Engagement Platform\backend\test_email_verification.py", line 37, in <module>
    print(f"\u2713 Created test user: {test_user.email}")
  File "C:\Users\DELL\AppData\Local\Programs\Python\Python311\Lib\encodings\cp1252.py", line 19, in encode
    return codecs.charmap_encode(input,self.errors,encoding_table)[0]
           ^^^^^^^^^^^^^^^^^^^^^^^^^^^^^^^^^^^^^^^^^^^^^^^^^^^^^^^
UnicodeEncodeError: 'charmap' codec can't encode character '\u2713' in position 0: character maps to <undefined>
